
> ai-powered-knowledge-base@0.1.0 dev
> next dev

▲ Next.js 16.3.5 (Turbopack)
- Local:         http://localhost:3000
- Network:       http://172.24.224.1:3000
- Environments: .env.local
✓ Ready in 786ms
✓ Running next.config.ts took 53ms

 POST /api/auth/sign-up/email 200 in 2.6s (next.js: 1707ms, application-code: 849ms)
 GET /api/documents/list 200 in 249ms (next.js: 65ms, application-code: 184ms)
 GET /api/documents/list 401 in 30ms (next.js: 7ms, application-code: 23ms)
 POST /api/auth/sign-out 415 in 31ms (next.js: 13ms, application-code: 19ms)
 GET /api/documents/list 200 in 167ms (next.js: 9ms, application-code: 158ms)
 GET /api/health 200 in 116ms (next.js: 62ms, application-code: 55ms)
 POST /api/auth/sign-in/email 200 in 417ms (next.js: 15ms, application-code: 401ms)
 POST /api/auth/sign-out 403 in 33ms (next.js: 9ms, application-code: 24ms)
 GET /api/documents/list 200 in 168ms (next.js: 8ms, application-code: 160ms)
 POST /api/auth/sign-in/email 200 in 404ms (next.js: 14ms, application-code: 389ms)
 POST /api/auth/sign-out 200 in 236ms (next.js: 6ms, application-code: 230ms)
 GET /api/documents/list 401 in 38ms (next.js: 5ms, application-code: 33ms)
[?25h
